// Jest Snapshot v1, https://goo.gl/fbAQLP

exports[`QuizzesController getQuizzes should return quizzes 1`] = `
[
  {
    "name": "HTML",
    "questions": [
      {
        "answers": [
          {
            "title": "Network Protocol",
          },
          {
            "title": "Programming Language",
          },
          {
            "title": "Scripting Language",
          },
          {
            "isCorrect": true,
            "title": "Markup Language",
          },
        ],
        "title": "What type of a language is HTML?",
      },
      {
        "answers": [
          {
            "title": "<head>",
          },
          {
            "title": "<title>",
          },
          {
            "title": "<html>",
          },
          {
            "isCorrect": true,
            "title": "<!doctype html>",
          },
        ],
        "title": "What should be the first tag in any HTML Document?",
      },
      {
        "answers": [
          {
            "title": "Img",
          },
          {
            "title": "Src",
          },
          {
            "title": "Picture",
          },
          {
            "isCorrect": true,
            "title": "Image",
          },
        ],
        "title": "What tag is used to display a picture in a HTML page?",
      },
      {
        "answers": [
          {
            "title": "Server",
          },
          {
            "isCorrect": true,
            "title": "Web Browser",
          },
          {
            "title": "Compiler",
          },
          {
            "title": "Interpreter",
          },
        ],
        "title": "HTML are web pages read and rendered by",
      },
      {
        "answers": [
          {
            "isCorrect": true,
            "title": "<br />",
          },
          {
            "title": "<lb />",
          },
          {
            "title": "<break />",
          },
          {
            "title": "<nbsp>",
          },
        ],
        "title": "What is the correct HTML tag for inserting a line break?",
      },
      {
        "answers": [
          {
            "title": "url="http://mcqsets.com">MCQ Sets Quiz",
          },
          {
            "title": "<a name="http://mcqsets.com">MCQ Sets Quiz</a>",
          },
          {
            "isCorrect": true,
            "title": "<a href="http://mcqsets.com">MCQ Sets Quiz</a>",
          },
          {
            "title": "<http://mcqsets.com</a>",
          },
        ],
        "title": "What is the correct HTML for making a hyperlink?",
      },
      {
        "answers": [
          {
            "title": "None of above",
          },
          {
            "isCorrect": true,
            "title": "ASCII text",
          },
          {
            "title": "Special binary format",
          },
          {
            "title": "Machine language codes",
          },
        ],
        "title": "HTML documents are saved in",
      },
    ],
  },
  {
    "name": "Cars",
    "questions": [
      {
        "answers": [
          {
            "isCorrect": true,
            "title": "MINI",
          },
          {
            "title": "Morris Minor",
          },
          {
            "title": "Austin Metro",
          },
        ],
        "title": "What is the best-selling British car model of all time, known for its simple design and affordability?",
      },
      {
        "answers": [
          {
            "title": "Bentley",
          },
          {
            "isCorrect": true,
            "title": "Aston Martin",
          },
          {
            "title": "Lotus",
          },
        ],
        "title": "Which British car brand produced the iconic DB5, featured in James Bond films such as "Goldfinger"?",
      },
      {
        "answers": [
          {
            "title": "Stirling Moss",
          },
          {
            "isCorrect": true,
            "title": "Paddy Hopkirk",
          },
          {
            "title": "Jackie Stewart",
          },
        ],
        "title": "The Mini Cooper S is known for its rally successes in the 1960s. What is the name of the racing legend associated with driving the Mini?",
      },
      {
        "answers": [
          {
            "title": "Austin Allegro",
          },
          {
            "title": "Vauxhall Cavalier",
          },
          {
            "isCorrect": true,
            "title": "Ford Cortina Stewart",
          },
        ],
        "title": "Although the Ford Escort was incredibly popular, it wasn’t the best-selling family saloon of the 1970’s. Which of the following was?",
      },
      {
        "answers": [
          {
            "isCorrect": true,
            "title": "Spirit of Ecstasy",
          },
          {
            "title": "Flying Lady",
          },
          {
            "title": "Elegant Emissary",
          },
        ],
        "title": "The ornament on the bonnet of a Rolls Royce is called…",
      },
      {
        "answers": [
          {
            "isCorrect": true,
            "title": "Land Rover",
          },
          {
            "title": "Range Rover",
          },
          {
            "title": "Jaguar",
          },
        ],
        "title": "The Defender is a legendary off-road vehicle produced by which British automaker?",
      },
      {
        "answers": [
          {
            "title": "McLaren",
          },
          {
            "isCorrect": true,
            "title": "Lotus",
          },
          {
            "title": "Aston Martin",
          },
        ],
        "title": "Which British manufacturer makes the model ‘Elise’?",
      },
    ],
  },
]
`;
